****************************************
Report : timing
	-path_type full_clock_expanded
	-delay_type max
	-input_pins
	-nets
	-slack_lesser_than 1000.000
	-max_paths 100
	-transition_time
	-crosstalk_delta
	-pba_mode exhaustive
	-sort_by slack
Design : wrapper
Version: T-2022.03
Date   : Thu Jan 30 20:38:43 2025
****************************************


  Startpoint: regfile_b2h_addr_first_reg_3
               (rising edge-triggered flip-flop clocked by ideal_clock)
  Endpoint: arbiter_inst/write_data_b2h_addr_first_reg_29
               (rising edge-triggered flip-flop clocked by ideal_clock)
  Last common pin: clk
  Path Group: ideal_clock
  Path Type: max  (recalculated)

  Point                                                                Fanout  DTrans  Trans   Delta    Incr      Path
  ----------------------------------------------------------------------------------------------------------------------
  clock ideal_clock (rise edge)                                                       0.000           0.000     0.000
  clock source latency                                                                               -0.116    -0.116
  clk (in)                                                                            0.035           0.017 &  -0.099 r
  clk (net)                                                              3 
  CTS_ccl_a_buf_00004/clk (b15cbf000an1n48x5)                                 0.000   0.038   0.000   0.008 &  -0.091 r
  CTS_ccl_a_buf_00004/clkout (b15cbf000an1n48x5)                                      0.023           0.039 &  -0.052 r
  CTS_3 (net)                                                           35 
  RC_CG_HIER_INST1/RC_CGIC_INST/clk (b15cilb01hn1n16x5)                       0.000   0.030   0.000   0.007 &  -0.045 r
  RC_CG_HIER_INST1/RC_CGIC_INST/clkout (b15cilb01hn1n16x5)                            0.024           0.044 &  -0.001 r
  RC_CG_HIER_INST1/ck_out (net)                                         32 
  regfile_b2h_addr_first_reg_3/clk (b15fqn003hn1n02x3)                        0.000   0.025   0.000   0.005 &   0.003 r
  regfile_b2h_addr_first_reg_3/o (b15fqn003hn1n02x3)                                  0.027           0.084 &   0.088 r
  FE_PHN4100_regfile_b2h_addr_first_3 (net)                              1 
  FE_PHC4100_regfile_b2h_addr_first_3/a (b15bfn000an1n06x5)                   0.000   0.027   0.000   0.000 &   0.088 r
  FE_PHC4100_regfile_b2h_addr_first_3/o (b15bfn000an1n06x5)                           0.005           0.026 &   0.113 r
  FE_PHN4632_regfile_b2h_addr_first_3 (net)                              1 
  FE_PHC4632_regfile_b2h_addr_first_3/a (b15bfn000an1n06x5)                   0.000   0.005   0.000   0.000 &   0.113 r
  FE_PHC4632_regfile_b2h_addr_first_3/o (b15bfn000an1n06x5)                           0.008           0.020 &   0.133 r
  FE_PHN1065_regfile_b2h_addr_first_3 (net)                              1 
  FE_PHC1065_regfile_b2h_addr_first_3/a (b15bfn000an1n02x5)                   0.000   0.008   0.000   0.000 &   0.133 r
  FE_PHC1065_regfile_b2h_addr_first_3/o (b15bfn000an1n02x5)                           0.010           0.019 &   0.152 r
  regfile_b2h_addr_first_3 (net)                                         1 
  FE_PHC2113_regfile_b2h_addr_first_3/a (b15bfn000an1n08x5)                   0.000   0.010   0.000   0.000 &   0.153 r
  FE_PHC2113_regfile_b2h_addr_first_3/o (b15bfn000an1n08x5)                           0.005           0.020 &   0.173 r
  FE_PHN2113_regfile_b2h_addr_first_3 (net)                              1 
  FE_PHC37_regfile_b2h_addr_first_3/a (b15bfn000an1n02x5)                     0.000   0.005   0.000   0.000 &   0.173 r
  FE_PHC37_regfile_b2h_addr_first_3/o (b15bfn000an1n02x5)                             0.019           0.023 &   0.196 r
  FE_PHN37_regfile_b2h_addr_first_3 (net)                                2 
  arbiter_inst/ADD_TC_OP_g505__7098/a (b15rt0022en1n02x5)                     0.000   0.019   0.000   0.000 &   0.196 r
  arbiter_inst/ADD_TC_OP_g505__7098/carry (b15rt0022en1n02x5)                         0.012           0.033 &   0.229 r
  arbiter_inst/ADD_TC_OP_n_1 (net)                                       1 
  arbiter_inst/ADD_TC_OP_g504__8246/b (b15rt0022en1n02x5)                     0.000   0.012   0.000   0.000 &   0.229 r
  arbiter_inst/ADD_TC_OP_g504__8246/carry (b15rt0022en1n02x5)                         0.013           0.032 &   0.261 r
  arbiter_inst/ADD_TC_OP_n_3 (net)                                       1 
  arbiter_inst/ADD_TC_OP_g503__5122/b (b15rt0022en1n02x5)                     0.000   0.013   0.000   0.000 &   0.261 r
  arbiter_inst/ADD_TC_OP_g503__5122/carry (b15rt0022en1n02x5)                         0.015           0.034 &   0.295 r
  arbiter_inst/ADD_TC_OP_n_5 (net)                                       1 
  arbiter_inst/ADD_TC_OP_g502__1705/b (b15rt0022en1n02x5)                     0.000   0.015   0.000   0.000 &   0.295 r
  arbiter_inst/ADD_TC_OP_g502__1705/carry (b15rt0022en1n02x5)                         0.014           0.033 &   0.328 r
  arbiter_inst/ADD_TC_OP_n_7 (net)                                       1 
  arbiter_inst/ADD_TC_OP_g501__2802/b (b15rt0022en1n02x5)                     0.000   0.014   0.000   0.000 &   0.328 r
  arbiter_inst/ADD_TC_OP_g501__2802/carry (b15rt0022en1n02x5)                         0.023           0.040 &   0.368 r
  arbiter_inst/FE_PHN3579_ADD_TC_OP_n_9 (net)                            1 
  arbiter_inst/FE_PHC3579_ADD_TC_OP_n_9/a (b15bfn000an1n02x5)                 0.000   0.023   0.000   0.000 &   0.368 r
  arbiter_inst/FE_PHC3579_ADD_TC_OP_n_9/o (b15bfn000an1n02x5)                         0.026           0.036 &   0.404 r
  arbiter_inst/ADD_TC_OP_n_9 (net)                                       1 
  arbiter_inst/ADD_TC_OP_g500__1617/b (b15rt0022en1n02x5)                     0.000   0.026   0.000   0.000 &   0.404 r
  arbiter_inst/ADD_TC_OP_g500__1617/carry (b15rt0022en1n02x5)                         0.022           0.044 &   0.449 r
  arbiter_inst/FE_PHN3706_ADD_TC_OP_n_11 (net)                           1 
  arbiter_inst/FE_PHC3706_ADD_TC_OP_n_11/a (b15bfn000an1n02x5)                0.000   0.022   0.000   0.000 &   0.449 r
  arbiter_inst/FE_PHC3706_ADD_TC_OP_n_11/o (b15bfn000an1n02x5)                        0.028           0.037 &   0.486 r
  arbiter_inst/ADD_TC_OP_n_11 (net)                                      1 
  arbiter_inst/ADD_TC_OP_g499__3680/b (b15rt0022en1n02x5)                     0.000   0.028   0.000   0.000 &   0.486 r
  arbiter_inst/ADD_TC_OP_g499__3680/carry (b15rt0022en1n02x5)                         0.013           0.037 &   0.524 r
  arbiter_inst/ADD_TC_OP_n_13 (net)                                      1 
  arbiter_inst/ADD_TC_OP_g498__6783/b (b15rt0022en1n02x5)                     0.000   0.013   0.000   0.000 &   0.524 r
  arbiter_inst/ADD_TC_OP_g498__6783/carry (b15rt0022en1n02x5)                         0.012           0.031 &   0.555 r
  arbiter_inst/FE_PHN563_ADD_TC_OP_n_15 (net)                            1 
  arbiter_inst/FE_PHC563_ADD_TC_OP_n_15/a (b15bfn000an1n02x5)                 0.000   0.012   0.000   0.000 &   0.555 r
  arbiter_inst/FE_PHC563_ADD_TC_OP_n_15/o (b15bfn000an1n02x5)                         0.014           0.023 &   0.578 r
  arbiter_inst/ADD_TC_OP_n_15 (net)                                      1 
  arbiter_inst/ADD_TC_OP_g497__5526/b (b15rt0022en1n02x5)                     0.000   0.014   0.000   0.000 &   0.578 r
  arbiter_inst/ADD_TC_OP_g497__5526/carry (b15rt0022en1n02x5)                         0.010           0.029 &   0.607 r
  arbiter_inst/FE_PHN860_ADD_TC_OP_n_17 (net)                            1 
  arbiter_inst/FE_PHC860_ADD_TC_OP_n_17/a (b15bfn000an1n02x5)                 0.000   0.010   0.000   0.000 &   0.607 r
  arbiter_inst/FE_PHC860_ADD_TC_OP_n_17/o (b15bfn000an1n02x5)                         0.009           0.019 &   0.626 r
  arbiter_inst/ADD_TC_OP_n_17 (net)                                      1 
  arbiter_inst/ADD_TC_OP_g496__8428/b (b15rt0022en1n02x5)                     0.000   0.009   0.000   0.000 &   0.626 r
  arbiter_inst/ADD_TC_OP_g496__8428/carry (b15rt0022en1n02x5)                         0.013           0.031 &   0.657 r
  arbiter_inst/ADD_TC_OP_n_19 (net)                                      1 
  arbiter_inst/ADD_TC_OP_g495__4319/b (b15rt0022en1n02x5)                     0.000   0.013   0.000   0.000 &   0.657 r
  arbiter_inst/ADD_TC_OP_g495__4319/carry (b15rt0022en1n02x5)                         0.013           0.031 &   0.688 r
  arbiter_inst/ADD_TC_OP_n_21 (net)                                      1 
  arbiter_inst/ADD_TC_OP_g494__6260/b (b15rt0022en1n02x5)                     0.000   0.013   0.000   0.000 &   0.688 r
  arbiter_inst/ADD_TC_OP_g494__6260/carry (b15rt0022en1n02x5)                         0.014           0.033 &   0.721 r
  arbiter_inst/ADD_TC_OP_n_23 (net)                                      1 
  arbiter_inst/ADD_TC_OP_g493__5107/b (b15rt0022en1n02x5)                     0.000   0.014   0.000   0.000 &   0.721 r
  arbiter_inst/ADD_TC_OP_g493__5107/carry (b15rt0022en1n02x5)                         0.016           0.034 &   0.756 r
  arbiter_inst/ADD_TC_OP_n_25 (net)                                      1 
  arbiter_inst/ADD_TC_OP_g492__2398/b (b15rt0022en1n02x5)                     0.000   0.016   0.000   0.000 &   0.756 r
  arbiter_inst/ADD_TC_OP_g492__2398/carry (b15rt0022en1n02x5)                         0.013           0.033 &   0.788 r
  arbiter_inst/ADD_TC_OP_n_27 (net)                                      1 
  arbiter_inst/ADD_TC_OP_g491__5477/b (b15rt0022en1n02x5)                     0.000   0.013   0.000   0.000 &   0.788 r
  arbiter_inst/ADD_TC_OP_g491__5477/carry (b15rt0022en1n02x5)                         0.014           0.032 &   0.821 r
  arbiter_inst/ADD_TC_OP_n_29 (net)                                      1 
  arbiter_inst/ADD_TC_OP_g490__6417/b (b15rt0022en1n02x5)                     0.000   0.014   0.000   0.000 &   0.821 r
  arbiter_inst/ADD_TC_OP_g490__6417/carry (b15rt0022en1n02x5)                         0.034           0.049 &   0.870 r
  arbiter_inst/FE_PHN3717_ADD_TC_OP_n_31 (net)                           1 
  arbiter_inst/FE_PHC3717_ADD_TC_OP_n_31/a (b15bfn000an1n02x5)                0.000   0.034   0.000   0.001 &   0.871 r
  arbiter_inst/FE_PHC3717_ADD_TC_OP_n_31/o (b15bfn000an1n02x5)                        0.014           0.030 &   0.901 r
  arbiter_inst/FE_PHN2661_ADD_TC_OP_n_31 (net)                           1 
  arbiter_inst/FE_PHC2661_ADD_TC_OP_n_31/a (b15bfn000an1n02x5)                0.000   0.014   0.000   0.000 &   0.901 r
  arbiter_inst/FE_PHC2661_ADD_TC_OP_n_31/o (b15bfn000an1n02x5)                        0.036           0.040 &   0.941 r
  arbiter_inst/ADD_TC_OP_n_31 (net)                                      1 
  arbiter_inst/ADD_TC_OP_g489__7410/b (b15rt0022en1n02x5)                     0.000   0.036   0.000   0.001 &   0.942 r
  arbiter_inst/ADD_TC_OP_g489__7410/carry (b15rt0022en1n02x5)                         0.014           0.041 &   0.983 r
  arbiter_inst/ADD_TC_OP_n_33 (net)                                      1 
  arbiter_inst/ADD_TC_OP_g488__1666/b (b15rt0022en1n02x5)                     0.000   0.014   0.000   0.000 &   0.983 r
  arbiter_inst/ADD_TC_OP_g488__1666/carry (b15rt0022en1n02x5)                         0.014           0.033 &   1.016 r
  arbiter_inst/ADD_TC_OP_n_35 (net)                                      1 
  arbiter_inst/ADD_TC_OP_g487__2346/b (b15rt0022en1n02x5)                     0.000   0.014   0.000   0.000 &   1.016 r
  arbiter_inst/ADD_TC_OP_g487__2346/carry (b15rt0022en1n02x5)                         0.013           0.032 &   1.048 r
  arbiter_inst/ADD_TC_OP_n_37 (net)                                      1 
  arbiter_inst/ADD_TC_OP_g486__2883/b (b15rt0022en1n02x5)                     0.000   0.013   0.000   0.000 &   1.048 r
  arbiter_inst/ADD_TC_OP_g486__2883/carry (b15rt0022en1n02x5)                         0.013           0.032 &   1.080 r
  arbiter_inst/ADD_TC_OP_n_39 (net)                                      1 
  arbiter_inst/ADD_TC_OP_g485__9945/b (b15rt0022en1n02x5)                     0.000   0.013   0.000   0.000 &   1.080 r
  arbiter_inst/ADD_TC_OP_g485__9945/carry (b15rt0022en1n02x5)                         0.015           0.033 &   1.113 r
  arbiter_inst/ADD_TC_OP_n_41 (net)                                      1 
  arbiter_inst/ADD_TC_OP_g484__9315/b (b15rt0022en1n02x5)                     0.000   0.015   0.000   0.000 &   1.113 r
  arbiter_inst/ADD_TC_OP_g484__9315/carry (b15rt0022en1n02x5)                         0.012           0.032 &   1.145 r
  arbiter_inst/ADD_TC_OP_n_43 (net)                                      1 
  arbiter_inst/ADD_TC_OP_g483__6161/b (b15rt0022en1n02x5)                     0.000   0.012   0.000   0.000 &   1.145 r
  arbiter_inst/ADD_TC_OP_g483__6161/carry (b15rt0022en1n02x5)                         0.012           0.031 &   1.176 r
  arbiter_inst/ADD_TC_OP_n_45 (net)                                      1 
  arbiter_inst/ADD_TC_OP_g482__4733/b (b15rt0022en1n02x5)                     0.000   0.012   0.000   0.000 &   1.176 r
  arbiter_inst/ADD_TC_OP_g482__4733/carry (b15rt0022en1n02x5)                         0.015           0.033 &   1.209 r
  arbiter_inst/ADD_TC_OP_n_47 (net)                                      1 
  arbiter_inst/ADD_TC_OP_g481__7482/b (b15rt0022en1n02x5)                     0.000   0.015   0.000   0.000 &   1.209 r
  arbiter_inst/ADD_TC_OP_g481__7482/carry (b15rt0022en1n02x5)                         0.012           0.032 &   1.240 r
  arbiter_inst/ADD_TC_OP_n_49 (net)                                      1 
  arbiter_inst/ADD_TC_OP_g480__5115/b (b15rt0022en1n02x5)                     0.000   0.012   0.000   0.000 &   1.240 r
  arbiter_inst/ADD_TC_OP_g480__5115/carry (b15rt0022en1n02x5)                         0.013           0.032 &   1.272 r
  arbiter_inst/ADD_TC_OP_n_51 (net)                                      1 
  arbiter_inst/ADD_TC_OP_g479__1881/b (b15rt0022en1n02x5)                     0.000   0.013   0.000   0.000 &   1.272 r
  arbiter_inst/ADD_TC_OP_g479__1881/sum (b15rt0022en1n02x5)                           0.005           0.037 &   1.309 f
  arbiter_inst/n_67 (net)                                                1 
  arbiter_inst/g1271__6131/a (b15and002an1n02x5)                              0.000   0.005   0.000   0.000 &   1.309 f
  arbiter_inst/g1271__6131/o (b15and002an1n02x5)                                      0.033           0.037 &   1.346 f
  arbiter_inst/FE_PHN2939_n_29 (net)                                     1 
  arbiter_inst/FE_PHC2939_n_29/a (b15bfn000an1n02x5)                          0.000   0.033   0.000   0.002 &   1.348 f
  arbiter_inst/FE_PHC2939_n_29/o (b15bfn000an1n02x5)                                  0.027           0.044 &   1.392 f
  arbiter_inst/FE_PHN1979_n_29 (net)                                     1 
  arbiter_inst/FE_PHC1979_n_29/a (b15bfn000an1n02x5)                          0.000   0.027   0.000   0.001 &   1.393 f
  arbiter_inst/FE_PHC1979_n_29/o (b15bfn000an1n02x5)                                  0.013           0.031 &   1.424 f
  arbiter_inst/FE_PHN1038_n_29 (net)                                     1 
  arbiter_inst/FE_PHC1038_n_29/a (b15bfn000an1n02x5)                          0.000   0.013   0.000   0.000 &   1.424 f
  arbiter_inst/FE_PHC1038_n_29/o (b15bfn000an1n02x5)                                  0.007           0.020 &   1.444 f
  arbiter_inst/n_29 (net)                                                1 
  arbiter_inst/write_data_b2h_addr_first_reg_29/d (b15fqn003hn1n02x3)         0.000   0.007   0.000   0.000 &   1.444 f
  data arrival time                                                                                             1.444

  clock ideal_clock (rise edge)                                                       0.000           1.500     1.500
  clock source latency                                                                               -0.116     1.384
  clk (in)                                                                            0.035           0.017 &   1.401 r
  clk (net)                                                              3 
  CTS_ccl_a_buf_00004/clk (b15cbf000an1n48x5)                                 0.000   0.038   0.000   0.008 &   1.409 r
  CTS_ccl_a_buf_00004/clkout (b15cbf000an1n48x5)                                      0.022           0.039 &   1.448 r
  CTS_3 (net)                                                           35 
  CTS_ccl_a_buf_00001/clk (b15cbf000an1n16x5)                                 0.000   0.027   0.000   0.004 &   1.451 r
  CTS_ccl_a_buf_00001/clkout (b15cbf000an1n16x5)                                      0.056           0.046 &   1.497 r
  CTS_2 (net)                                                           80 
  arbiter_inst/write_data_b2h_addr_first_reg_29/clk (b15fqn003hn1n02x3)       0.000   0.063   0.000   0.007 &   1.504 r
  clock reconvergence pessimism                                                                       0.000     1.504
  library setup time                                                                                 -0.017     1.487
  data required time                                                                                            1.487
  ----------------------------------------------------------------------------------------------------------------------
  data required time                                                                                            1.487
  data arrival time                                                                                            -1.444
  ----------------------------------------------------------------------------------------------------------------------
  slack (MET)                                                                                                   0.043


  Startpoint: regfile_b2h_addr_first_reg_3
               (rising edge-triggered flip-flop clocked by ideal_clock)
  Endpoint: arbiter_inst/write_data_b2h_addr_first_reg_31
               (rising edge-triggered flip-flop clocked by ideal_clock)
  Last common pin: clk
  Path Group: ideal_clock
  Path Type: max  (recalculated)

  Point                                                                Fanout  DTrans  Trans   Delta    Incr      Path
  ----------------------------------------------------------------------------------------------------------------------
  clock ideal_clock (rise edge)                                                       0.000           0.000     0.000
  clock source latency                                                                               -0.116    -0.116
  clk (in)                                                                            0.035           0.017 &  -0.099 r
  clk (net)                                                              3 
  CTS_ccl_a_buf_00004/clk (b15cbf000an1n48x5)                                 0.000   0.038   0.000   0.008 &  -0.091 r
  CTS_ccl_a_buf_00004/clkout (b15cbf000an1n48x5)                                      0.023           0.039 &  -0.052 r
  CTS_3 (net)                                                           35 
  RC_CG_HIER_INST1/RC_CGIC_INST/clk (b15cilb01hn1n16x5)                       0.000   0.030   0.000   0.007 &  -0.045 r
  RC_CG_HIER_INST1/RC_CGIC_INST/clkout (b15cilb01hn1n16x5)                            0.024           0.044 &  -0.001 r
  RC_CG_HIER_INST1/ck_out (net)                                         32 
  regfile_b2h_addr_first_reg_3/clk (b15fqn003hn1n02x3)                        0.000   0.025   0.000   0.005 &   0.003 r
  regfile_b2h_addr_first_reg_3/o (b15fqn003hn1n02x3)                                  0.027           0.084 &   0.088 r
  FE_PHN4100_regfile_b2h_addr_first_3 (net)                              1 
  FE_PHC4100_regfile_b2h_addr_first_3/a (b15bfn000an1n06x5)                   0.000   0.027   0.000   0.000 &   0.088 r
  FE_PHC4100_regfile_b2h_addr_first_3/o (b15bfn000an1n06x5)                           0.005           0.026 &   0.113 r
  FE_PHN4632_regfile_b2h_addr_first_3 (net)                              1 
  FE_PHC4632_regfile_b2h_addr_first_3/a (b15bfn000an1n06x5)                   0.000   0.005   0.000   0.000 &   0.113 r
  FE_PHC4632_regfile_b2h_addr_first_3/o (b15bfn000an1n06x5)                           0.008           0.020 &   0.133 r
  FE_PHN1065_regfile_b2h_addr_first_3 (net)                              1 
  FE_PHC1065_regfile_b2h_addr_first_3/a (b15bfn000an1n02x5)                   0.000   0.008   0.000   0.000 &   0.133 r
  FE_PHC1065_regfile_b2h_addr_first_3/o (b15bfn000an1n02x5)                           0.010           0.019 &   0.152 r
  regfile_b2h_addr_first_3 (net)                                         1 
  FE_PHC2113_regfile_b2h_addr_first_3/a (b15bfn000an1n08x5)                   0.000   0.010   0.000   0.000 &   0.153 r
  FE_PHC2113_regfile_b2h_addr_first_3/o (b15bfn000an1n08x5)                           0.005           0.020 &   0.173 r
  FE_PHN2113_regfile_b2h_addr_first_3 (net)                              1 
  FE_PHC37_regfile_b2h_addr_first_3/a (b15bfn000an1n02x5)                     0.000   0.005   0.000   0.000 &   0.173 r
  FE_PHC37_regfile_b2h_addr_first_3/o (b15bfn000an1n02x5)                             0.019           0.023 &   0.196 r
  FE_PHN37_regfile_b2h_addr_first_3 (net)                                2 
  arbiter_inst/ADD_TC_OP_g505__7098/a (b15rt0022en1n02x5)                     0.000   0.019   0.000   0.000 &   0.196 r
  arbiter_inst/ADD_TC_OP_g505__7098/carry (b15rt0022en1n02x5)                         0.012           0.033 &   0.229 r
  arbiter_inst/ADD_TC_OP_n_1 (net)                                       1 
  arbiter_inst/ADD_TC_OP_g504__8246/b (b15rt0022en1n02x5)                     0.000   0.012   0.000   0.000 &   0.229 r
  arbiter_inst/ADD_TC_OP_g504__8246/carry (b15rt0022en1n02x5)                         0.013           0.032 &   0.261 r
  arbiter_inst/ADD_TC_OP_n_3 (net)                                       1 
  arbiter_inst/ADD_TC_OP_g503__5122/b (b15rt0022en1n02x5)                     0.000   0.013   0.000   0.000 &   0.261 r
  arbiter_inst/ADD_TC_OP_g503__5122/carry (b15rt0022en1n02x5)                         0.015           0.034 &   0.295 r
  arbiter_inst/ADD_TC_OP_n_5 (net)                                       1 
  arbiter_inst/ADD_TC_OP_g502__1705/b (b15rt0022en1n02x5)                     0.000   0.015   0.000   0.000 &   0.295 r
  arbiter_inst/ADD_TC_OP_g502__1705/carry (b15rt0022en1n02x5)                         0.014           0.033 &   0.328 r
  arbiter_inst/ADD_TC_OP_n_7 (net)                                       1 
  arbiter_inst/ADD_TC_OP_g501__2802/b (b15rt0022en1n02x5)                     0.000   0.014   0.000   0.000 &   0.328 r
  arbiter_inst/ADD_TC_OP_g501__2802/carry (b15rt0022en1n02x5)                         0.023           0.040 &   0.368 r
  arbiter_inst/FE_PHN3579_ADD_TC_OP_n_9 (net)                            1 
  arbiter_inst/FE_PHC3579_ADD_TC_OP_n_9/a (b15bfn000an1n02x5)                 0.000   0.023   0.000   0.000 &   0.368 r
  arbiter_inst/FE_PHC3579_ADD_TC_OP_n_9/o (b15bfn000an1n02x5)                         0.026           0.036 &   0.404 r
  arbiter_inst/ADD_TC_OP_n_9 (net)                                       1 
  arbiter_inst/ADD_TC_OP_g500__1617/b (b15rt0022en1n02x5)                     0.000   0.026   0.000   0.000 &   0.404 r
  arbiter_inst/ADD_TC_OP_g500__1617/carry (b15rt0022en1n02x5)                         0.022           0.044 &   0.449 r
  arbiter_inst/FE_PHN3706_ADD_TC_OP_n_11 (net)                           1 
  arbiter_inst/FE_PHC3706_ADD_TC_OP_n_11/a (b15bfn000an1n02x5)                0.000   0.022   0.000   0.000 &   0.449 r
  arbiter_inst/FE_PHC3706_ADD_TC_OP_n_11/o (b15bfn000an1n02x5)                        0.028           0.037 &   0.486 r
  arbiter_inst/ADD_TC_OP_n_11 (net)                                      1 
  arbiter_inst/ADD_TC_OP_g499__3680/b (b15rt0022en1n02x5)                     0.000   0.028   0.000   0.000 &   0.486 r
  arbiter_inst/ADD_TC_OP_g499__3680/carry (b15rt0022en1n02x5)                         0.013           0.037 &   0.524 r
  arbiter_inst/ADD_TC_OP_n_13 (net)                                      1 
  arbiter_inst/ADD_TC_OP_g498__6783/b (b15rt0022en1n02x5)                     0.000   0.013   0.000   0.000 &   0.524 r
  arbiter_inst/ADD_TC_OP_g498__6783/carry (b15rt0022en1n02x5)                         0.012           0.031 &   0.555 r
  arbiter_inst/FE_PHN563_ADD_TC_OP_n_15 (net)                            1 
  arbiter_inst/FE_PHC563_ADD_TC_OP_n_15/a (b15bfn000an1n02x5)                 0.000   0.012   0.000   0.000 &   0.555 r
  arbiter_inst/FE_PHC563_ADD_TC_OP_n_15/o (b15bfn000an1n02x5)                         0.014           0.023 &   0.578 r
  arbiter_inst/ADD_TC_OP_n_15 (net)                                      1 
  arbiter_inst/ADD_TC_OP_g497__5526/b (b15rt0022en1n02x5)                     0.000   0.014   0.000   0.000 &   0.578 r
  arbiter_inst/ADD_TC_OP_g497__5526/carry (b15rt0022en1n02x5)                         0.010           0.029 &   0.607 r
  arbiter_inst/FE_PHN860_ADD_TC_OP_n_17 (net)                            1 
  arbiter_inst/FE_PHC860_ADD_TC_OP_n_17/a (b15bfn000an1n02x5)                 0.000   0.010   0.000   0.000 &   0.607 r
  arbiter_inst/FE_PHC860_ADD_TC_OP_n_17/o (b15bfn000an1n02x5)                         0.009           0.019 &   0.626 r
  arbiter_inst/ADD_TC_OP_n_17 (net)                                      1 
  arbiter_inst/ADD_TC_OP_g496__8428/b (b15rt0022en1n02x5)                     0.000   0.009   0.000   0.000 &   0.626 r
  arbiter_inst/ADD_TC_OP_g496__8428/carry (b15rt0022en1n02x5)                         0.013           0.031 &   0.657 r
  arbiter_inst/ADD_TC_OP_n_19 (net)                                      1 
  arbiter_inst/ADD_TC_OP_g495__4319/b (b15rt0022en1n02x5)                     0.000   0.013   0.000   0.000 &   0.657 r
  arbiter_inst/ADD_TC_OP_g495__4319/carry (b15rt0022en1n02x5)                         0.013           0.031 &   0.688 r
  arbiter_inst/ADD_TC_OP_n_21 (net)                                      1 
  arbiter_inst/ADD_TC_OP_g494__6260/b (b15rt0022en1n02x5)                     0.000   0.013   0.000   0.000 &   0.688 r
  arbiter_inst/ADD_TC_OP_g494__6260/carry (b15rt0022en1n02x5)                         0.014           0.033 &   0.721 r
  arbiter_inst/ADD_TC_OP_n_23 (net)                                      1 
  arbiter_inst/ADD_TC_OP_g493__5107/b (b15rt0022en1n02x5)                     0.000   0.014   0.000   0.000 &   0.721 r
  arbiter_inst/ADD_TC_OP_g493__5107/carry (b15rt0022en1n02x5)                         0.016           0.034 &   0.756 r
  arbiter_inst/ADD_TC_OP_n_25 (net)                                      1 
  arbiter_inst/ADD_TC_OP_g492__2398/b (b15rt0022en1n02x5)                     0.000   0.016   0.000   0.000 &   0.756 r
  arbiter_inst/ADD_TC_OP_g492__2398/carry (b15rt0022en1n02x5)                         0.013           0.033 &   0.788 r
  arbiter_inst/ADD_TC_OP_n_27 (net)                                      1 
  arbiter_inst/ADD_TC_OP_g491__5477/b (b15rt0022en1n02x5)                     0.000   0.013   0.000   0.000 &   0.788 r
  arbiter_inst/ADD_TC_OP_g491__5477/carry (b15rt0022en1n02x5)                         0.014           0.032 &   0.821 r
  arbiter_inst/ADD_TC_OP_n_29 (net)                                      1 
  arbiter_inst/ADD_TC_OP_g490__6417/b (b15rt0022en1n02x5)                     0.000   0.014   0.000   0.000 &   0.821 r
  arbiter_inst/ADD_TC_OP_g490__6417/carry (b15rt0022en1n02x5)                         0.034           0.049 &   0.870 r
  arbiter_inst/FE_PHN3717_ADD_TC_OP_n_31 (net)                           1 
  arbiter_inst/FE_PHC3717_ADD_TC_OP_n_31/a (b15bfn000an1n02x5)                0.000   0.034   0.000   0.001 &   0.871 r
  arbiter_inst/FE_PHC3717_ADD_TC_OP_n_31/o (b15bfn000an1n02x5)                        0.014           0.030 &   0.901 r
  arbiter_inst/FE_PHN2661_ADD_TC_OP_n_31 (net)                           1 
  arbiter_inst/FE_PHC2661_ADD_TC_OP_n_31/a (b15bfn000an1n02x5)                0.000   0.014   0.000   0.000 &   0.901 r
  arbiter_inst/FE_PHC2661_ADD_TC_OP_n_31/o (b15bfn000an1n02x5)                        0.036           0.040 &   0.941 r
  arbiter_inst/ADD_TC_OP_n_31 (net)                                      1 
  arbiter_inst/ADD_TC_OP_g489__7410/b (b15rt0022en1n02x5)                     0.000   0.036   0.000   0.001 &   0.942 r
  arbiter_inst/ADD_TC_OP_g489__7410/carry (b15rt0022en1n02x5)                         0.014           0.041 &   0.983 r
  arbiter_inst/ADD_TC_OP_n_33 (net)                                      1 
  arbiter_inst/ADD_TC_OP_g488__1666/b (b15rt0022en1n02x5)                     0.000   0.014   0.000   0.000 &   0.983 r
  arbiter_inst/ADD_TC_OP_g488__1666/carry (b15rt0022en1n02x5)                         0.014           0.033 &   1.016 r
  arbiter_inst/ADD_TC_OP_n_35 (net)                                      1 
  arbiter_inst/ADD_TC_OP_g487__2346/b (b15rt0022en1n02x5)                     0.000   0.014   0.000   0.000 &   1.016 r
  arbiter_inst/ADD_TC_OP_g487__2346/carry (b15rt0022en1n02x5)                         0.013           0.032 &   1.048 r
  arbiter_inst/ADD_TC_OP_n_37 (net)                                      1 
  arbiter_inst/ADD_TC_OP_g486__2883/b (b15rt0022en1n02x5)                     0.000   0.013   0.000   0.000 &   1.048 r
  arbiter_inst/ADD_TC_OP_g486__2883/carry (b15rt0022en1n02x5)                         0.013           0.032 &   1.080 r
  arbiter_inst/ADD_TC_OP_n_39 (net)                                      1 
  arbiter_inst/ADD_TC_OP_g485__9945/b (b15rt0022en1n02x5)                     0.000   0.013   0.000   0.000 &   1.080 r
  arbiter_inst/ADD_TC_OP_g485__9945/carry (b15rt0022en1n02x5)                         0.015           0.033 &   1.113 r
  arbiter_inst/ADD_TC_OP_n_41 (net)                                      1 
  arbiter_inst/ADD_TC_OP_g484__9315/b (b15rt0022en1n02x5)                     0.000   0.015   0.000   0.000 &   1.113 r
  arbiter_inst/ADD_TC_OP_g484__9315/carry (b15rt0022en1n02x5)                         0.012           0.032 &   1.145 r
  arbiter_inst/ADD_TC_OP_n_43 (net)                                      1 
  arbiter_inst/ADD_TC_OP_g483__6161/b (b15rt0022en1n02x5)                     0.000   0.012   0.000   0.000 &   1.145 r
  arbiter_inst/ADD_TC_OP_g483__6161/carry (b15rt0022en1n02x5)                         0.012           0.031 &   1.176 r
  arbiter_inst/ADD_TC_OP_n_45 (net)                                      1 
  arbiter_inst/ADD_TC_OP_g482__4733/b (b15rt0022en1n02x5)                     0.000   0.012   0.000   0.000 &   1.176 r
  arbiter_inst/ADD_TC_OP_g482__4733/carry (b15rt0022en1n02x5)                         0.015           0.033 &   1.209 r
  arbiter_inst/ADD_TC_OP_n_47 (net)                                      1 
  arbiter_inst/ADD_TC_OP_g481__7482/b (b15rt0022en1n02x5)                     0.000   0.015   0.000   0.000 &   1.209 r
  arbiter_inst/ADD_TC_OP_g481__7482/carry (b15rt0022en1n02x5)                         0.012           0.032 &   1.240 r
  arbiter_inst/ADD_TC_OP_n_49 (net)                                      1 
  arbiter_inst/ADD_TC_OP_g480__5115/b (b15rt0022en1n02x5)                     0.000   0.012   0.000   0.000 &   1.240 r
  arbiter_inst/ADD_TC_OP_g480__5115/carry (b15rt0022en1n02x5)                         0.013           0.032 &   1.272 r
  arbiter_inst/ADD_TC_OP_n_51 (net)                                      1 
  arbiter_inst/ADD_TC_OP_g479__1881/b (b15rt0022en1n02x5)                     0.000   0.013   0.000   0.000 &   1.272 r
  arbiter_inst/ADD_TC_OP_g479__1881/carry (b15rt0022en1n02x5)                         0.014           0.033 &   1.305 r
  arbiter_inst/ADD_TC_OP_n_53 (net)                                      1 
  arbiter_inst/ADD_TC_OP_g478__6131/b (b15rt0022en1n02x5)                     0.000   0.014   0.000   0.000 &   1.305 r
  arbiter_inst/ADD_TC_OP_g478__6131/carry (b15rt0022en1n02x5)                         0.013           0.032 &   1.337 r
  arbiter_inst/ADD_TC_OP_n_55 (net)                                      1 
  arbiter_inst/ADD_TC_OP_g477__7098/a (b15xorc02an1n02x5)                     0.000   0.013   0.000   0.000 &   1.337 r
  arbiter_inst/ADD_TC_OP_g477__7098/out0 (b15xorc02an1n02x5)                          0.020           0.031 &   1.368 r
  arbiter_inst/n_69 (net)                                                1 
  arbiter_inst/g1269__8246/a (b15and002an1n02x5)                              0.000   0.020   0.000   0.000 &   1.368 r
  arbiter_inst/g1269__8246/o (b15and002an1n02x5)                                      0.015           0.032 &   1.401 r
  arbiter_inst/FE_PHN1995_n_31 (net)                                     1 
  arbiter_inst/FE_PHC1995_n_31/a (b15bfn000an1n03x5)                          0.000   0.015   0.000   0.000 &   1.401 r
  arbiter_inst/FE_PHC1995_n_31/o (b15bfn000an1n03x5)                                  0.010           0.023 &   1.424 r
  arbiter_inst/FE_PHN1048_n_31 (net)                                     1 
  arbiter_inst/FE_PHC1048_n_31/a (b15bfn000an1n02x5)                          0.000   0.010   0.000   0.000 &   1.424 r
  arbiter_inst/FE_PHC1048_n_31/o (b15bfn000an1n02x5)                                  0.010           0.020 &   1.444 r
  arbiter_inst/n_31 (net)                                                1 
  arbiter_inst/write_data_b2h_addr_first_reg_31/d (b15fqn003hn1n02x3)         0.000   0.010   0.000   0.000 &   1.444 r
  data arrival time                                                                                             1.444

  clock ideal_clock (rise edge)                                                       0.000           1.500     1.500
  clock source latency                                                                               -0.116     1.384
  clk (in)                                                                            0.035           0.017 &   1.401 r
  clk (net)                                                              3 
  CTS_ccl_a_buf_00004/clk (b15cbf000an1n48x5)                                 0.000   0.038   0.000   0.008 &   1.409 r
  CTS_ccl_a_buf_00004/clkout (b15cbf000an1n48x5)                                      0.022           0.039 &   1.448 r
  CTS_3 (net)                                                           35 
  CTS_ccl_a_buf_00001/clk (b15cbf000an1n16x5)                                 0.000   0.027   0.000   0.004 &   1.451 r
  CTS_ccl_a_buf_00001/clkout (b15cbf000an1n16x5)                                      0.056           0.046 &   1.497 r
  CTS_2 (net)                                                           80 
  arbiter_inst/write_data_b2h_addr_first_reg_31/clk (b15fqn003hn1n02x3)       0.000   0.061   0.000   0.005 &   1.503 r
  clock reconvergence pessimism                                                                       0.000     1.503
  library setup time                                                                                 -0.005     1.498
  data required time                                                                                            1.498
  ----------------------------------------------------------------------------------------------------------------------
  data required time                                                                                            1.498
  data arrival time                                                                                            -1.444
  ----------------------------------------------------------------------------------------------------------------------
  slack (MET)                                                                                                   0.054


 
1
